Using pre-set license
Built from '2020.3/china_unity/release' branch; Version is '2020.3.49f1c1 (9f87e50ef29c) revision 10455013'; Using compiler version '192528614'; Build Type 'Release'
OS: 'Windows 10  (10.0.19045) 64bit Professional' Language: 'zh' Physical Memory: 32475 MB
BatchMode: 1, IsHumanControllingUs: 0, StartBugReporterOnCrash: 0, Is64bit: 1, IsPro: 0

COMMAND LINE ARGUMENTS:
D:\Program Files\Unity Hub\Editor\2020.3.49f1c1\Editor\Unity.exe
-adb2
-batchMode
-noUpm
-name
AssetImportWorker0
-projectPath
E:/xyz/RhinoXTest
-logFile
Logs/AssetImportWorker0.log
-srvPort
53599
Successfully changed project path to: E:/xyz/RhinoXTest
E:/xyz/RhinoXTest
Using Asset Import Pipeline V2.
Player connection [35144] Host "[IP] 172.19.0.1 [Port] 3489877344 [Flags] 2 [Guid] 3806087347 [EditorId] 3806087347 [Version] 1048832 [Id] WindowsEditor(7,MS-JOEDKXCZGVFQ) [Debug] 1 [PackageName] WindowsEditor [ProjectName] Editor" joined multi-casting on [225.0.0.222:54997]...

Player connection [35144] Host "[IP] 172.19.0.1 [Port] 3489877344 [Flags] 2 [Guid] 3806087347 [EditorId] 3806087347 [Version] 1048832 [Id] WindowsEditor(7,MS-JOEDKXCZGVFQ) [Debug] 1 [PackageName] WindowsEditor [ProjectName] Editor" joined alternative multi-casting on [225.0.0.222:34997]...

AS: AutoStreaming module initializing.Assets/Res/1/1.c4d: Unity no longer supports importing Cinema 4D files directly, but we're working with Maxon to make the experience better. To import Cinema 4D files, install Maxon's external importer. You can find more information on the Unity Forum: https://on.unity.com/c4d.

Please note that FBX files exported from Cinema4D are still supported.
Refreshing native plugins compatible for Editor in 45.89 ms, found 1 plugins.
Preloading 0 native plugins for Editor in 0.00 ms.
Initialize engine version: 2020.3.49f1c1 (9f87e50ef29c)
[Subsystems] Discovering subsystems at path D:/Program Files/Unity Hub/Editor/2020.3.49f1c1/Editor/Data/Resources/UnitySubsystems
[Subsystems] Discovering subsystems at path E:/xyz/RhinoXTest/Assets
GfxDevice: creating device client; threaded=0
Direct3D:
    Version:  Direct3D 11.0 [level 11.1]
    Renderer: NVIDIA GeForce RTX 4060 Laptop GPU (ID=0x28e0)
    Vendor:   
    VRAM:     7957 MB
    Driver:   32.0.15.5599
Initialize mono
Mono path[0] = 'D:/Program Files/Unity Hub/Editor/2020.3.49f1c1/Editor/Data/Managed'
Mono path[1] = 'D:/Program Files/Unity Hub/Editor/2020.3.49f1c1/Editor/Data/MonoBleedingEdge/lib/mono/unityjit'
Mono config path = 'D:/Program Files/Unity Hub/Editor/2020.3.49f1c1/Editor/Data/MonoBleedingEdge/etc'
Using monoOptions --debugger-agent=transport=dt_socket,embedding=1,server=y,suspend=n,address=127.0.0.1:56576
Begin MonoManager ReloadAssembly
Registering precompiled unity dll's ...
Register platform support module: D:/Program Files/Unity Hub/Editor/2020.3.49f1c1/Editor/Data/PlaybackEngines/WindowsStandaloneSupport/UnityEditor.WindowsStandalone.Extensions.dll
Registered in 0.000929 seconds.
Native extension for WindowsStandalone target not found
Assets/Res/1/1.c4d: Unity no longer supports importing Cinema 4D files directly, but we're working with Maxon to make the experience better. To import Cinema 4D files, install Maxon's external importer. You can find more information on the Unity Forum: https://on.unity.com/c4d.

Please note that FBX files exported from Cinema4D are still supported.
Refreshing native plugins compatible for Editor in 43.72 ms, found 1 plugins.
Preloading 0 native plugins for Editor in 0.00 ms.
Mono: successfully reloaded assembly
- Completed reload, in  0.505 seconds
Domain Reload Profiling:
	ReloadAssembly (506ms)
		BeginReloadAssembly (30ms)
			ExecutionOrderSort (0ms)
			DisableScriptedObjects (0ms)
			BackupInstance (0ms)
			ReleaseScriptingObjects (0ms)
			CreateAndSetChildDomain (0ms)
		EndReloadAssembly (420ms)
			LoadAssemblies (29ms)
			RebuildTransferFunctionScriptingTraits (0ms)
			SetupTypeCache (124ms)
			ReleaseScriptCaches (0ms)
			RebuildScriptCaches (35ms)
			SetupLoadedEditorAssemblies (165ms)
				LogAssemblyErrors (0ms)
				InitializePlatformSupportModulesInManaged (4ms)
				SetLoadedEditorAssemblies (0ms)
				RefreshPlugins (44ms)
				BeforeProcessingInitializeOnLoad (14ms)
				ProcessInitializeOnLoadAttributes (78ms)
				ProcessInitializeOnLoadMethodAttributes (25ms)
				AfterProcessingInitializeOnLoad (0ms)
				EditorAssembliesLoaded (0ms)
			ExecutionOrderSort2 (0ms)
			AwakeInstancesAfterBackupRestoration (0ms)
Platform modules already initialized, skipping
Registering precompiled user dll's ...
Registered in 0.001032 seconds.
Begin MonoManager ReloadAssembly
Native extension for WindowsStandalone target not found
Assets/Res/1/1.c4d: Unity no longer supports importing Cinema 4D files directly, but we're working with Maxon to make the experience better. To import Cinema 4D files, install Maxon's external importer. You can find more information on the Unity Forum: https://on.unity.com/c4d.

Please note that FBX files exported from Cinema4D are still supported.
Refreshing native plugins compatible for Editor in 43.28 ms, found 1 plugins.
Preloading 0 native plugins for Editor in 0.00 ms.
System.Reflection.TargetInvocationException: Exception has been thrown by the target of an invocation. ---> System.NullReferenceException: Object reference not set to an instance of an object
  at Ximmerse.XR.SDKEditorUtility.GetXimmerseXRSDKPackageInfo () [0x0001a] in E:\xyz\RhinoXTest\Packages\xms-unityxr-sdk-1.8.3\Editor\EditorUtilities\SDKEditorUtility.cs:83 
  at Ximmerse.XR.SDKEditorUtility.InitializeEditor () [0x00001] in E:\xyz\RhinoXTest\Packages\xms-unityxr-sdk-1.8.3\Editor\EditorUtilities\SDKEditorUtility.cs:62 
  at (wrapper managed-to-native) System.Reflection.MonoMethod.InternalInvoke(System.Reflection.MonoMethod,object,object[],System.Exception&)
  at System.Reflection.MonoMethod.Invoke (System.Object obj, System.Reflection.BindingFlags invokeAttr, System.Reflection.Binder binder, System.Object[] parameters, System.Globalization.CultureInfo culture) [0x00032] in <695d1cc93cca45069c528c15c9fdd749>:0 
   --- End of inner exception stack trace ---
  at System.Reflection.MonoMethod.Invoke (System.Object obj, System.Reflection.BindingFlags invokeAttr, System.Reflection.Binder binder, System.Object[] parameters, System.Globalization.CultureInfo culture) [0x00048] in <695d1cc93cca45069c528c15c9fdd749>:0 
  at System.Reflection.MethodBase.Invoke (System.Object obj, System.Object[] parameters) [0x00000] in <695d1cc93cca45069c528c15c9fdd749>:0 
  at UnityEditor.EditorAssemblies.ProcessInitializeOnLoadMethodAttributes () [0x00047] in <6c04fd87ac614cd899b437719fbda9b4>:0 
UnityEngine.StackTraceUtility:ExtractStackTrace ()
UnityEngine.DebugLogHandler:LogFormat (UnityEngine.LogType,UnityEngine.Object,string,object[])
UnityEngine.Logger:Log (UnityEngine.LogType,object)
UnityEngine.Debug:LogError (object)
UnityEditor.EditorAssemblies:ProcessInitializeOnLoadMethodAttributes ()

Mono: successfully reloaded assembly
- Completed reload, in  0.886 seconds
Domain Reload Profiling:
	ReloadAssembly (887ms)
		BeginReloadAssembly (114ms)
			ExecutionOrderSort (0ms)
			DisableScriptedObjects (5ms)
			BackupInstance (0ms)
			ReleaseScriptingObjects (0ms)
			CreateAndSetChildDomain (17ms)
		EndReloadAssembly (723ms)
			LoadAssemblies (69ms)
			RebuildTransferFunctionScriptingTraits (0ms)
			SetupTypeCache (190ms)
			ReleaseScriptCaches (0ms)
			RebuildScriptCaches (57ms)
			SetupLoadedEditorAssemblies (296ms)
				LogAssemblyErrors (0ms)
				InitializePlatformSupportModulesInManaged (3ms)
				SetLoadedEditorAssemblies (0ms)
				RefreshPlugins (43ms)
				BeforeProcessingInitializeOnLoad (73ms)
				ProcessInitializeOnLoadAttributes (145ms)
				ProcessInitializeOnLoadMethodAttributes (29ms)
				AfterProcessingInitializeOnLoad (2ms)
				EditorAssembliesLoaded (0ms)
			ExecutionOrderSort2 (0ms)
			AwakeInstancesAfterBackupRestoration (1ms)
Platform modules already initialized, skipping
Assets/Res/1/1.c4d: Unity no longer supports importing Cinema 4D files directly, but we're working with Maxon to make the experience better. To import Cinema 4D files, install Maxon's external importer. You can find more information on the Unity Forum: https://on.unity.com/c4d.

Please note that FBX files exported from Cinema4D are still supported.
========================================================================
Worker process is ready to serve import requests
Assets/Res/1/1.c4d: Unity no longer supports importing Cinema 4D files directly, but we're working with Maxon to make the experience better. To import Cinema 4D files, install Maxon's external importer. You can find more information on the Unity Forum: https://on.unity.com/c4d.

Please note that FBX files exported from Cinema4D are still supported.
Launched and connected shader compiler UnityShaderCompiler.exe after 0.03 seconds
Refreshing native plugins compatible for Editor in 0.37 ms, found 1 plugins.
Preloading 0 native plugins for Editor in 0.00 ms.
Unloading 2082 Unused Serialized files (Serialized files now loaded: 0)
System memory in use before: 95.2 MB.
System memory in use after: 95.3 MB.

Unloading 31 unused Assets to reduce memory usage. Loaded Objects now: 2517.
Total: 1.882100 ms (FindLiveObjects: 0.101300 ms CreateObjectMapping: 0.025400 ms MarkObjects: 1.695500 ms  DeleteObjects: 0.059300 ms)

AssetImportParameters requested are different than current active one (requested -> active):
  custom:framework-win-MediaFoundation: 216162199b28c13a410421893ffa2e32 -> 
  custom:video-decoder-ogg-theora: a1e56fd34408186e4bbccfd4996cb3dc -> 
  custom:container-muxer-webm: aa71ff27fc2769a1b78a27578f13a17b -> 
  custom:container-demuxer-webm: 4f35f7cbe854078d1ac9338744f61a02 -> 
  custom:container-demuxer-ogg: 62fdf1f143b41e24485cea50d1cbac27 -> 
  custom:video-encoder-webm-vp8: eb34c28f22e8b96e1ab97ce403110664 -> 
  custom:video-decoder-webm-vp8: 9c59270c3fd7afecdb556c50c9e8de78 -> 
  custom:audio-decoder-ogg-vorbis: bf7c407c2cedff20999df2af8eb42d56 -> 
  custom:audio-encoder-webm-vorbis: bf7c407c2cedff20999df2af8eb42d56 -> 
========================================================================
Received Import Request.
  path: Packages/com.ximmerse.xr/Resources/KeyBoard/Texture/key InnerQuad3_hover@2x.png
  artifactKey: Guid(75ef47b0bc4a8234696ea7e3790e02c9) Importer(815301076,1909f56bfc062723c751e8b465ee728b)
Start importing Packages/com.ximmerse.xr/Resources/KeyBoard/Texture/key InnerQuad3_hover@2x.png using Guid(75ef47b0bc4a8234696ea7e3790e02c9) Importer(815301076,1909f56bfc062723c751e8b465ee728b)  -> (artifact id: '88b166a3974667780a410c95a25cbdae') in 0.053188 seconds 
========================================================================
Received Import Request.
  Time since last request: 0.000299 seconds.
  path: Packages/com.ximmerse.xr/Resources/KeyBoard/Texture/key InnerQuad_press@2x.png
  artifactKey: Guid(9d978f7471cfeda40b79a4bd8aed02ca) Importer(815301076,1909f56bfc062723c751e8b465ee728b)
Start importing Packages/com.ximmerse.xr/Resources/KeyBoard/Texture/key InnerQuad_press@2x.png using Guid(9d978f7471cfeda40b79a4bd8aed02ca) Importer(815301076,1909f56bfc062723c751e8b465ee728b)  -> (artifact id: '6bd068ab8102071815140e445375f0b2') in 0.009654 seconds 
========================================================================
Received Import Request.
  Time since last request: 0.000108 seconds.
  path: Packages/com.ximmerse.xr/Resources/Gesture/Texture/None.png
  artifactKey: Guid(aeef4aafc7225fc45915ac953b8eb21b) Importer(815301076,1909f56bfc062723c751e8b465ee728b)
Start importing Packages/com.ximmerse.xr/Resources/Gesture/Texture/None.png using Guid(aeef4aafc7225fc45915ac953b8eb21b) Importer(815301076,1909f56bfc062723c751e8b465ee728b)  -> (artifact id: '1f9418b10189d825a90f9b34abe38022') in 0.013775 seconds 
========================================================================
Received Import Request.
  Time since last request: 0.000197 seconds.
  path: Packages/com.ximmerse.xr/Resources/KeyBoard/Texture/blue InnerQuad@2x.png
  artifactKey: Guid(0c933aa73eda8f7488313326741b3cd2) Importer(815301076,1909f56bfc062723c751e8b465ee728b)
Start importing Packages/com.ximmerse.xr/Resources/KeyBoard/Texture/blue InnerQuad@2x.png using Guid(0c933aa73eda8f7488313326741b3cd2) Importer(815301076,1909f56bfc062723c751e8b465ee728b)  -> (artifact id: '88987734924cd4856f41a705043201fd') in 0.006655 seconds 
========================================================================
Received Import Request.
  Time since last request: 0.000117 seconds.
  path: Packages/com.ximmerse.xr/Resources/KeyBoard/Texture/key InnerQuad_hover@2x.png
  artifactKey: Guid(8b5cf77b162f4c64d9f2af883509e570) Importer(815301076,1909f56bfc062723c751e8b465ee728b)
Start importing Packages/com.ximmerse.xr/Resources/KeyBoard/Texture/key InnerQuad_hover@2x.png using Guid(8b5cf77b162f4c64d9f2af883509e570) Importer(815301076,1909f56bfc062723c751e8b465ee728b)  -> (artifact id: 'cc9b2d407e708f1808025c59d1e6c88b') in 0.007961 seconds 
========================================================================
Received Import Request.
  Time since last request: 0.000175 seconds.
  path: Packages/com.ximmerse.xr/Resources/Gesture/Texture/Cursor2.png
  artifactKey: Guid(d7edff0ca70e6f440a1ef9f825400aed) Importer(815301076,1909f56bfc062723c751e8b465ee728b)
Start importing Packages/com.ximmerse.xr/Resources/Gesture/Texture/Cursor2.png using Guid(d7edff0ca70e6f440a1ef9f825400aed) Importer(815301076,1909f56bfc062723c751e8b465ee728b)  -> (artifact id: 'fc011da968e7a81e25cd907b5560e2d8') in 0.009809 seconds 
========================================================================
Received Import Request.
  Time since last request: 0.000163 seconds.
  path: Packages/com.ximmerse.xr/Resources/KeyBoard/Texture/key InnerQuad@2x.png
  artifactKey: Guid(193890fdbb99f2049b0c2b5ddea68507) Importer(815301076,1909f56bfc062723c751e8b465ee728b)
Start importing Packages/com.ximmerse.xr/Resources/KeyBoard/Texture/key InnerQuad@2x.png using Guid(193890fdbb99f2049b0c2b5ddea68507) Importer(815301076,1909f56bfc062723c751e8b465ee728b)  -> (artifact id: 'b42d9f8b61920b4f6cfc5cb4f4c60bf4') in 0.006886 seconds 
========================================================================
Received Import Request.
  Time since last request: 0.000121 seconds.
  path: Packages/com.ximmerse.xr/Contents/VirtualKeyboard/Materials/circle.png
  artifactKey: Guid(d7630d53a00d8f44cbbfcdf2a6921ed0) Importer(815301076,1909f56bfc062723c751e8b465ee728b)
Start importing Packages/com.ximmerse.xr/Contents/VirtualKeyboard/Materials/circle.png using Guid(d7630d53a00d8f44cbbfcdf2a6921ed0) Importer(815301076,1909f56bfc062723c751e8b465ee728b)  -> (artifact id: '0cd264db7e5696763723efc74603b386') in 0.008116 seconds 
========================================================================
Received Import Request.
  Time since last request: 0.000194 seconds.
  path: Packages/com.ximmerse.xr/Resources/KeyBoard/Texture/icon_input delete@2x.png
  artifactKey: Guid(3e210ec77c52564468d1156fe3c4caad) Importer(815301076,1909f56bfc062723c751e8b465ee728b)
Start importing Packages/com.ximmerse.xr/Resources/KeyBoard/Texture/icon_input delete@2x.png using Guid(3e210ec77c52564468d1156fe3c4caad) Importer(815301076,1909f56bfc062723c751e8b465ee728b)  -> (artifact id: '05ab38feb3c8a54f3f6fdd65fc0fd2ce') in 0.006131 seconds 
========================================================================
Received Import Request.
  Time since last request: 0.000114 seconds.
  path: Packages/com.ximmerse.xr/Resources/KeyBoard/Texture/key InnerQuad2.png
  artifactKey: Guid(81999c625c42c0c408a4f7ed23487892) Importer(815301076,1909f56bfc062723c751e8b465ee728b)
Start importing Packages/com.ximmerse.xr/Resources/KeyBoard/Texture/key InnerQuad2.png using Guid(81999c625c42c0c408a4f7ed23487892) Importer(815301076,1909f56bfc062723c751e8b465ee728b)  -> (artifact id: '5ddb7aa36e2f58577f6129a6394ad587') in 0.005955 seconds 
========================================================================
Received Import Request.
  Time since last request: 0.000126 seconds.
  path: Packages/com.ximmerse.xr/Resources/KeyBoard/Texture/icon_wrap@2x.png
  artifactKey: Guid(84ae2039fd90aa44594950835cda356e) Importer(815301076,1909f56bfc062723c751e8b465ee728b)
Start importing Packages/com.ximmerse.xr/Resources/KeyBoard/Texture/icon_wrap@2x.png using Guid(84ae2039fd90aa44594950835cda356e) Importer(815301076,1909f56bfc062723c751e8b465ee728b)  -> (artifact id: '7b50e6b7c3d5e619a187b782de42d9b4') in 0.005570 seconds 
========================================================================
Received Import Request.
  Time since last request: 0.000175 seconds.
  path: Packages/com.ximmerse.xr/Resources/KeyBoard/Texture/button_closekeyboard@2x.png
  artifactKey: Guid(0b6c78ef2f1a02145abdcabbbfe505ae) Importer(815301076,1909f56bfc062723c751e8b465ee728b)
Start importing Packages/com.ximmerse.xr/Resources/KeyBoard/Texture/button_closekeyboard@2x.png using Guid(0b6c78ef2f1a02145abdcabbbfe505ae) Importer(815301076,1909f56bfc062723c751e8b465ee728b)  -> (artifact id: 'c30a9b2db4df3c4db806358ea9c05f16') in 0.007209 seconds 
========================================================================
Received Import Request.
  Time since last request: 0.000172 seconds.
  path: Packages/com.ximmerse.xr/Resources/KeyBoard/Texture/keyboard input box@2x 1.png
  artifactKey: Guid(8031b9ace469e5d4091bf8e53d5c8513) Importer(815301076,1909f56bfc062723c751e8b465ee728b)
Start importing Packages/com.ximmerse.xr/Resources/KeyBoard/Texture/keyboard input box@2x 1.png using Guid(8031b9ace469e5d4091bf8e53d5c8513) Importer(815301076,1909f56bfc062723c751e8b465ee728b)  -> (artifact id: '85c9233d9d719e980079f93a678f8b5b') in 0.007311 seconds 
========================================================================
Received Import Request.
  Time since last request: 0.000305 seconds.
  path: Packages/com.ximmerse.xr/Resources/KeyBoard/Texture/key InnerQuad3_press@2x.png
  artifactKey: Guid(7ad950f226088704991f45e8869c5128) Importer(815301076,1909f56bfc062723c751e8b465ee728b)
Start importing Packages/com.ximmerse.xr/Resources/KeyBoard/Texture/key InnerQuad3_press@2x.png using Guid(7ad950f226088704991f45e8869c5128) Importer(815301076,1909f56bfc062723c751e8b465ee728b)  -> (artifact id: 'ecacdd0bead3bf7a17457dfc06406df1') in 0.006168 seconds 
========================================================================
Received Import Request.
  Time since last request: 0.000159 seconds.
  path: Packages/com.ximmerse.xr/Resources/KeyBoard/Texture/icon_abc@2x.png
  artifactKey: Guid(0d8d047195c4b404db7132d7c2bb1d10) Importer(815301076,1909f56bfc062723c751e8b465ee728b)
Start importing Packages/com.ximmerse.xr/Resources/KeyBoard/Texture/icon_abc@2x.png using Guid(0d8d047195c4b404db7132d7c2bb1d10) Importer(815301076,1909f56bfc062723c751e8b465ee728b)  -> (artifact id: 'b78383cbd8c0174b7bbbec4c7ec4a2d6') in 0.007639 seconds 
========================================================================
Received Import Request.
  Time since last request: 0.000171 seconds.
  path: Packages/com.ximmerse.xr/Resources/KeyBoard/Texture/blue InnerQuad_press@2x.png
  artifactKey: Guid(92b3ac6548783704694901030c0200da) Importer(815301076,1909f56bfc062723c751e8b465ee728b)
Start importing Packages/com.ximmerse.xr/Resources/KeyBoard/Texture/blue InnerQuad_press@2x.png using Guid(92b3ac6548783704694901030c0200da) Importer(815301076,1909f56bfc062723c751e8b465ee728b)  -> (artifact id: '7089132c0a6059cfe0da8dacd6b32504') in 0.006863 seconds 
========================================================================
Received Import Request.
  Time since last request: 0.000158 seconds.
  path: Packages/com.ximmerse.xr/Resources/KeyBoard/Texture/key InnerQuad2_press.png
  artifactKey: Guid(69ac9bfa60e7d784c81d7e4a992e1b58) Importer(815301076,1909f56bfc062723c751e8b465ee728b)
Start importing Packages/com.ximmerse.xr/Resources/KeyBoard/Texture/key InnerQuad2_press.png using Guid(69ac9bfa60e7d784c81d7e4a992e1b58) Importer(815301076,1909f56bfc062723c751e8b465ee728b)  -> (artifact id: '8f4d58ed69606a2c2bfa2443551be739') in 0.006271 seconds 
========================================================================
Received Import Request.
  Time since last request: 0.000178 seconds.
  path: Packages/com.ximmerse.xr/Resources/KeyBoard/Texture/icon_symbol@2x.png
  artifactKey: Guid(98910ef72976fce458630f3aa48ef373) Importer(815301076,1909f56bfc062723c751e8b465ee728b)
Start importing Packages/com.ximmerse.xr/Resources/KeyBoard/Texture/icon_symbol@2x.png using Guid(98910ef72976fce458630f3aa48ef373) Importer(815301076,1909f56bfc062723c751e8b465ee728b)  -> (artifact id: 'cc4ca46f8cf52a31a2cf0e39b8cb6ecc') in 0.005399 seconds 
========================================================================
Received Import Request.
  Time since last request: 0.000131 seconds.
  path: Packages/com.ximmerse.xr/Resources/KeyBoard/Texture/icon_Caps Lock@2x.png
  artifactKey: Guid(576866623dd938d47a8b98dae91c46f7) Importer(815301076,1909f56bfc062723c751e8b465ee728b)
Start importing Packages/com.ximmerse.xr/Resources/KeyBoard/Texture/icon_Caps Lock@2x.png using Guid(576866623dd938d47a8b98dae91c46f7) Importer(815301076,1909f56bfc062723c751e8b465ee728b)  -> (artifact id: '6e1892cc50a5f7ce2e99639aff136519') in 0.006209 seconds 
========================================================================
Received Import Request.
  Time since last request: 0.000156 seconds.
  path: Packages/com.ximmerse.xr/Resources/Gesture/Texture/Tracking.png
  artifactKey: Guid(5b8520c8c879aca4b8fd496b4f7e02ae) Importer(815301076,1909f56bfc062723c751e8b465ee728b)
Start importing Packages/com.ximmerse.xr/Resources/Gesture/Texture/Tracking.png using Guid(5b8520c8c879aca4b8fd496b4f7e02ae) Importer(815301076,1909f56bfc062723c751e8b465ee728b)  -> (artifact id: 'c5ed6e2ca8b3d0d875b8c46cbde5fd5c') in 0.013140 seconds 
========================================================================
Received Import Request.
  Time since last request: 0.000133 seconds.
  path: Packages/com.ximmerse.xr/Resources/KeyBoard/Texture/key InnerQuad_unselected@2x.png
  artifactKey: Guid(ba53fc7c9e81b1c40ae5ec923e6f8c10) Importer(815301076,1909f56bfc062723c751e8b465ee728b)
Start importing Packages/com.ximmerse.xr/Resources/KeyBoard/Texture/key InnerQuad_unselected@2x.png using Guid(ba53fc7c9e81b1c40ae5ec923e6f8c10) Importer(815301076,1909f56bfc062723c751e8b465ee728b)  -> (artifact id: '6c0c721e5bf91c319b4aa85853138a51') in 0.006592 seconds 
========================================================================
Received Import Request.
  Time since last request: 0.000135 seconds.
  path: Packages/com.ximmerse.xr/Resources/KeyBoard/Texture/line4@2x.png
  artifactKey: Guid(084df94c01bbabb4c888732f69f06322) Importer(815301076,1909f56bfc062723c751e8b465ee728b)
Start importing Packages/com.ximmerse.xr/Resources/KeyBoard/Texture/line4@2x.png using Guid(084df94c01bbabb4c888732f69f06322) Importer(815301076,1909f56bfc062723c751e8b465ee728b)  -> (artifact id: 'bc130f654e699b30d6785ff6768a4b37') in 0.007216 seconds 
========================================================================
Received Import Request.
  Time since last request: 0.000138 seconds.
  path: Packages/com.ximmerse.xr/Resources/KeyBoard/Texture/button_closekeyboard_press@2x.png
  artifactKey: Guid(18203b5b084f99b4d9fb75bb86279cec) Importer(815301076,1909f56bfc062723c751e8b465ee728b)
Start importing Packages/com.ximmerse.xr/Resources/KeyBoard/Texture/button_closekeyboard_press@2x.png using Guid(18203b5b084f99b4d9fb75bb86279cec) Importer(815301076,1909f56bfc062723c751e8b465ee728b)  -> (artifact id: '6d485ca08ab3722819b597911aff6ad2') in 0.007761 seconds 
========================================================================
Received Import Request.
  Time since last request: 0.000200 seconds.
  path: Packages/com.ximmerse.xr/Resources/KeyBoard/Texture/icon_close@2x.png
  artifactKey: Guid(39782e31aa95b6843a496ac8f62575ab) Importer(815301076,1909f56bfc062723c751e8b465ee728b)
Start importing Packages/com.ximmerse.xr/Resources/KeyBoard/Texture/icon_close@2x.png using Guid(39782e31aa95b6843a496ac8f62575ab) Importer(815301076,1909f56bfc062723c751e8b465ee728b)  -> (artifact id: '82e25a01ccc4a2e8f1ec719cdf844646') in 0.006516 seconds 
========================================================================
Received Import Request.
  Time since last request: 0.000164 seconds.
  path: Packages/com.ximmerse.xr/Resources/KeyBoard/Texture/cursor@2x.png
  artifactKey: Guid(f9cc535313296ff4492407387ad8fece) Importer(815301076,1909f56bfc062723c751e8b465ee728b)
Start importing Packages/com.ximmerse.xr/Resources/KeyBoard/Texture/cursor@2x.png using Guid(f9cc535313296ff4492407387ad8fece) Importer(815301076,1909f56bfc062723c751e8b465ee728b)  -> (artifact id: '7a19f7ad4a59e2e796bda1a8f8e6ec90') in 0.005859 seconds 
========================================================================
Received Import Request.
  Time since last request: 0.000206 seconds.
  path: Packages/com.ximmerse.xr/Resources/KeyBoard/Texture/keyboard backplate@2x.png
  artifactKey: Guid(5099c310599fdc7418348a2c1ffb5773) Importer(815301076,1909f56bfc062723c751e8b465ee728b)
Start importing Packages/com.ximmerse.xr/Resources/KeyBoard/Texture/keyboard backplate@2x.png using Guid(5099c310599fdc7418348a2c1ffb5773) Importer(815301076,1909f56bfc062723c751e8b465ee728b)  -> (artifact id: '2f3ab660810328d56ae1e0fdb83ba3bc') in 0.032324 seconds 
========================================================================
Received Import Request.
  Time since last request: 0.000142 seconds.
  path: Packages/com.ximmerse.xr/Resources/KeyBoard/Texture/icon_speak@2x.png
  artifactKey: Guid(65f0b6219c5703a4aa77c56e7c3cbdfd) Importer(815301076,1909f56bfc062723c751e8b465ee728b)
Start importing Packages/com.ximmerse.xr/Resources/KeyBoard/Texture/icon_speak@2x.png using Guid(65f0b6219c5703a4aa77c56e7c3cbdfd) Importer(815301076,1909f56bfc062723c751e8b465ee728b)  -> (artifact id: '6c268ca96b145d472cdddffd5c48b159') in 0.006570 seconds 
========================================================================
Received Import Request.
  Time since last request: 0.000163 seconds.
  path: Packages/com.ximmerse.xr/Contents/Textures/Rectle_small.png
  artifactKey: Guid(c7d6170b7ab939a46a8b2423ff49496d) Importer(815301076,1909f56bfc062723c751e8b465ee728b)
Start importing Packages/com.ximmerse.xr/Contents/Textures/Rectle_small.png using Guid(c7d6170b7ab939a46a8b2423ff49496d) Importer(815301076,1909f56bfc062723c751e8b465ee728b)  -> (artifact id: '59579e45c0e8b521456a0d938fff1482') in 0.022083 seconds 
========================================================================
Received Import Request.
  Time since last request: 0.000215 seconds.
  path: Packages/com.ximmerse.xr/Resources/KeyBoard/Texture/key InnerQuad3@2x.png
  artifactKey: Guid(5dc5e2215782523439c71e97aa2fed07) Importer(815301076,1909f56bfc062723c751e8b465ee728b)
Start importing Packages/com.ximmerse.xr/Resources/KeyBoard/Texture/key InnerQuad3@2x.png using Guid(5dc5e2215782523439c71e97aa2fed07) Importer(815301076,1909f56bfc062723c751e8b465ee728b)  -> (artifact id: '75a8beffa3e2cea851441eca406430ac') in 0.006456 seconds 
========================================================================
Received Import Request.
  Time since last request: 0.000146 seconds.
  path: Packages/com.ximmerse.xr/Resources/KeyBoard/Texture/icon_Caps@2x.png
  artifactKey: Guid(572f04c075e271544aead22ef855c03a) Importer(815301076,1909f56bfc062723c751e8b465ee728b)
Start importing Packages/com.ximmerse.xr/Resources/KeyBoard/Texture/icon_Caps@2x.png using Guid(572f04c075e271544aead22ef855c03a) Importer(815301076,1909f56bfc062723c751e8b465ee728b)  -> (artifact id: 'ac0f76193cb0c3b65cb1ec6d21515315') in 0.005815 seconds 
========================================================================
Received Import Request.
  Time since last request: 0.000153 seconds.
  path: Packages/com.ximmerse.xr/Resources/KeyBoard/Texture/keyboard input box@2x.png
  artifactKey: Guid(f60cc4281fc1f7a488032bff419321dc) Importer(815301076,1909f56bfc062723c751e8b465ee728b)
Start importing Packages/com.ximmerse.xr/Resources/KeyBoard/Texture/keyboard input box@2x.png using Guid(f60cc4281fc1f7a488032bff419321dc) Importer(815301076,1909f56bfc062723c751e8b465ee728b)  -> (artifact id: '449b80909fcc48ad86a661a39b3294b6') in 0.006940 seconds 
========================================================================
Received Import Request.
  Time since last request: 0.000243 seconds.
  path: Packages/com.ximmerse.xr/Resources/KeyBoard/Texture/keyboard backplate@2x 1.png
  artifactKey: Guid(77b4660694e2cac43bc8c62cd6a13dec) Importer(815301076,1909f56bfc062723c751e8b465ee728b)
Start importing Packages/com.ximmerse.xr/Resources/KeyBoard/Texture/keyboard backplate@2x 1.png using Guid(77b4660694e2cac43bc8c62cd6a13dec) Importer(815301076,1909f56bfc062723c751e8b465ee728b)  -> (artifact id: 'b409e10f9dcca3497e5eff74c9296aa8') in 0.019617 seconds 
========================================================================
Received Import Request.
  Time since last request: 0.000356 seconds.
  path: Packages/com.ximmerse.xr/Resources/KeyBoard/Texture/icon_eng@2x.png
  artifactKey: Guid(65513be8a95f9e0479960dcdeb9afd1d) Importer(815301076,1909f56bfc062723c751e8b465ee728b)
Start importing Packages/com.ximmerse.xr/Resources/KeyBoard/Texture/icon_eng@2x.png using Guid(65513be8a95f9e0479960dcdeb9afd1d) Importer(815301076,1909f56bfc062723c751e8b465ee728b)  -> (artifact id: 'c2f60070a6b62386e5eba9e33dd32a6f') in 0.007729 seconds 
========================================================================
Received Import Request.
  Time since last request: 0.000142 seconds.
  path: Assets/Samples/Ximmerse XR Plugin/1.8.3/Hello Unity/Textures/Hand3.png
  artifactKey: Guid(812b2f0924c3dc146a6b2aecb3773af8) Importer(815301076,1909f56bfc062723c751e8b465ee728b)
Start importing Assets/Samples/Ximmerse XR Plugin/1.8.3/Hello Unity/Textures/Hand3.png using Guid(812b2f0924c3dc146a6b2aecb3773af8) Importer(815301076,1909f56bfc062723c751e8b465ee728b)  -> (artifact id: 'e0b7b1d8a7f8ec3cda5ec3dd96919069') in 0.043276 seconds 
========================================================================
Received Import Request.
  Time since last request: 0.000165 seconds.
  path: Packages/com.ximmerse.xr/Resources/Gesture/Texture/Normal.png
  artifactKey: Guid(cfee74f1e6f3dbc43bc1705d38031f45) Importer(815301076,1909f56bfc062723c751e8b465ee728b)
Start importing Packages/com.ximmerse.xr/Resources/Gesture/Texture/Normal.png using Guid(cfee74f1e6f3dbc43bc1705d38031f45) Importer(815301076,1909f56bfc062723c751e8b465ee728b)  -> (artifact id: 'f3db39df1d50c90a104fffb2e83b0a07') in 0.008968 seconds 
========================================================================
Received Import Request.
  Time since last request: 0.000120 seconds.
  path: Packages/com.ximmerse.xr/Resources/KeyBoard/Texture/icon_symbol3@2x.png
  artifactKey: Guid(e362dffe18c97df4cbae1027881fb7b0) Importer(815301076,1909f56bfc062723c751e8b465ee728b)
Start importing Packages/com.ximmerse.xr/Resources/KeyBoard/Texture/icon_symbol3@2x.png using Guid(e362dffe18c97df4cbae1027881fb7b0) Importer(815301076,1909f56bfc062723c751e8b465ee728b)  -> (artifact id: '11b3ba01bb939e5a9702a95626d653d1') in 0.005166 seconds 
========================================================================
Received Import Request.
  Time since last request: 0.000113 seconds.
  path: Packages/com.ximmerse.xr/Resources/KeyBoard/Texture/blue InnerQuad_hover@2x.png
  artifactKey: Guid(9079381fa53278e4284d1001bae20725) Importer(815301076,1909f56bfc062723c751e8b465ee728b)
Start importing Packages/com.ximmerse.xr/Resources/KeyBoard/Texture/blue InnerQuad_hover@2x.png using Guid(9079381fa53278e4284d1001bae20725) Importer(815301076,1909f56bfc062723c751e8b465ee728b)  -> (artifact id: '8aaa388d9402e8eb318fda9b738acab2') in 0.009054 seconds 
========================================================================
Received Import Request.
  Time since last request: 0.000210 seconds.
  path: Packages/com.ximmerse.xr/Resources/KeyBoard/Texture/button_closekeyboard@2x 1.png
  artifactKey: Guid(cc393e0b1dabb39469f8efefe97e365f) Importer(815301076,1909f56bfc062723c751e8b465ee728b)
Start importing Packages/com.ximmerse.xr/Resources/KeyBoard/Texture/button_closekeyboard@2x 1.png using Guid(cc393e0b1dabb39469f8efefe97e365f) Importer(815301076,1909f56bfc062723c751e8b465ee728b)  -> (artifact id: '5b1cc87ee86c82a61b453dd958df6bb9') in 0.005668 seconds 
========================================================================
Received Import Request.
  Time since last request: 0.000117 seconds.
  path: Packages/com.ximmerse.xr/Resources/KeyBoard/Texture/key InnerQuad2_hover.png
  artifactKey: Guid(4fa762452cc3ecc4fb12d71a8d2fb0f7) Importer(815301076,1909f56bfc062723c751e8b465ee728b)
Start importing Packages/com.ximmerse.xr/Resources/KeyBoard/Texture/key InnerQuad2_hover.png using Guid(4fa762452cc3ecc4fb12d71a8d2fb0f7) Importer(815301076,1909f56bfc062723c751e8b465ee728b)  -> (artifact id: '4c9cac2cd96500d80351a85c9c168b3b') in 0.005564 seconds 
========================================================================
Received Import Request.
  Time since last request: 0.000321 seconds.
  path: Assets/Samples/Ximmerse XR Plugin/1.8.3/Hello Unity/Textures/Hand2.png
  artifactKey: Guid(df7c4f3e4410c2b4aac2ee44d7e3b437) Importer(815301076,1909f56bfc062723c751e8b465ee728b)
Start importing Assets/Samples/Ximmerse XR Plugin/1.8.3/Hello Unity/Textures/Hand2.png using Guid(df7c4f3e4410c2b4aac2ee44d7e3b437) Importer(815301076,1909f56bfc062723c751e8b465ee728b)  -> (artifact id: '04b79e3d2d69f9fc72f269d202dd212c') in 0.025139 seconds 
========================================================================
Received Import Request.
  Time since last request: 0.000199 seconds.
  path: Packages/com.ximmerse.xr/Resources/KeyBoard/Texture/icon_symbol2@2x.png
  artifactKey: Guid(9f89ba21110e7bb40a74d5dcde7fa8e9) Importer(815301076,1909f56bfc062723c751e8b465ee728b)
Start importing Packages/com.ximmerse.xr/Resources/KeyBoard/Texture/icon_symbol2@2x.png using Guid(9f89ba21110e7bb40a74d5dcde7fa8e9) Importer(815301076,1909f56bfc062723c751e8b465ee728b)  -> (artifact id: 'f3e36879f696ddb7c61581ca8bcbc25f') in 0.005570 seconds 
========================================================================
Received Import Request.
  Time since last request: 0.000131 seconds.
  path: Packages/com.ximmerse.xr/Resources/KeyBoard/Texture/key InnerQuad2@2x.png
  artifactKey: Guid(d41b9fd2e85772344a10d2abdc361d12) Importer(815301076,1909f56bfc062723c751e8b465ee728b)
Start importing Packages/com.ximmerse.xr/Resources/KeyBoard/Texture/key InnerQuad2@2x.png using Guid(d41b9fd2e85772344a10d2abdc361d12) Importer(815301076,1909f56bfc062723c751e8b465ee728b)  -> (artifact id: '59e4fc0f50e73b980f9d5f5b2ff0cce2') in 0.006166 seconds 
========================================================================
Received Import Request.
  Time since last request: 0.000112 seconds.
  path: Packages/com.ximmerse.xr/Resources/KeyBoard/Texture/key InnerQuad2_press@2x.png
  artifactKey: Guid(b856a198ad6e08a499da813e3bbd9543) Importer(815301076,1909f56bfc062723c751e8b465ee728b)
Start importing Packages/com.ximmerse.xr/Resources/KeyBoard/Texture/key InnerQuad2_press@2x.png using Guid(b856a198ad6e08a499da813e3bbd9543) Importer(815301076,1909f56bfc062723c751e8b465ee728b)  -> (artifact id: '0af49fe38e1a19d6c225b71e697cf795') in 0.010631 seconds 
========================================================================
Received Import Request.
  Time since last request: 0.000187 seconds.
  path: Packages/com.ximmerse.xr/Resources/KeyBoard/Texture/button_closekeyboard_hover@2x.png
  artifactKey: Guid(3c9aa02f7a6485a44a91f41dd10bb18e) Importer(815301076,1909f56bfc062723c751e8b465ee728b)
Start importing Packages/com.ximmerse.xr/Resources/KeyBoard/Texture/button_closekeyboard_hover@2x.png using Guid(3c9aa02f7a6485a44a91f41dd10bb18e) Importer(815301076,1909f56bfc062723c751e8b465ee728b)  -> (artifact id: '2aa056a8b36a4eff66b8bfaab195a638') in 0.005572 seconds 
========================================================================
Received Import Request.
  Time since last request: 0.000132 seconds.
  path: Packages/com.ximmerse.xr/Resources/KeyBoard/Texture/icon_delete@2x.png
  artifactKey: Guid(881dd3ab0e620964d9602b1d439857ed) Importer(815301076,1909f56bfc062723c751e8b465ee728b)
Start importing Packages/com.ximmerse.xr/Resources/KeyBoard/Texture/icon_delete@2x.png using Guid(881dd3ab0e620964d9602b1d439857ed) Importer(815301076,1909f56bfc062723c751e8b465ee728b)  -> (artifact id: '0e643bd2f472c2c021e770f9c77aa1e6') in 0.005162 seconds 
========================================================================
Received Import Request.
  Time since last request: 0.000152 seconds.
  path: Packages/com.ximmerse.xr/Resources/KeyBoard/Texture/key InnerQuad2_hover@2x.png
  artifactKey: Guid(6a542840a6a07874a83691a8ddf3ed81) Importer(815301076,1909f56bfc062723c751e8b465ee728b)
Start importing Packages/com.ximmerse.xr/Resources/KeyBoard/Texture/key InnerQuad2_hover@2x.png using Guid(6a542840a6a07874a83691a8ddf3ed81) Importer(815301076,1909f56bfc062723c751e8b465ee728b)  -> (artifact id: '323f125e1fcf2fd9e54c423178e0353b') in 0.006023 seconds 
========================================================================
Received Import Request.
  Time since last request: 3.404668 seconds.
  path: Assets/Res/UI
  artifactKey: Guid(cf9edfbfe1e18ac4e8c2694d284add8f) Importer(815301076,1909f56bfc062723c751e8b465ee728b)
Start importing Assets/Res/UI using Guid(cf9edfbfe1e18ac4e8c2694d284add8f) Importer(815301076,1909f56bfc062723c751e8b465ee728b)  -> (artifact id: '76161cce75f5d207a8bde40e347427f6') in 0.002282 seconds 
========================================================================
Received Import Request.
  Time since last request: 0.046284 seconds.
  path: Assets/Res/UI/手机.png
  artifactKey: Guid(9c814070900950d499faaf4c41996423) Importer(815301076,1909f56bfc062723c751e8b465ee728b)
Start importing Assets/Res/UI/手机.png using Guid(9c814070900950d499faaf4c41996423) Importer(815301076,1909f56bfc062723c751e8b465ee728b)  -> (artifact id: '71f7ff9bae3b402a989d09796da96b22') in 0.038839 seconds 
========================================================================
Received Import Request.
  Time since last request: 6.657340 seconds.
  path: Assets/Res/UI/手机.png
  artifactKey: Guid(9c814070900950d499faaf4c41996423) Importer(815301076,1909f56bfc062723c751e8b465ee728b)
Start importing Assets/Res/UI/手机.png using Guid(9c814070900950d499faaf4c41996423) Importer(815301076,1909f56bfc062723c751e8b465ee728b)  -> (artifact id: 'a253b878625fb0741f8e760a2a040e37') in 0.014051 seconds 
========================================================================
Received Prepare
Assets/Res/1/1.c4d: Unity no longer supports importing Cinema 4D files directly, but we're working with Maxon to make the experience better. To import Cinema 4D files, install Maxon's external importer. You can find more information on the Unity Forum: https://on.unity.com/c4d.

Please note that FBX files exported from Cinema4D are still supported.
Refreshing native plugins compatible for Editor in 3.77 ms, found 1 plugins.
Preloading 0 native plugins for Editor in 0.00 ms.
Unloading 21 Unused Serialized files (Serialized files now loaded: 0)
System memory in use before: 56.0 MB.
System memory in use after: 56.1 MB.

Unloading 21 unused Assets to reduce memory usage. Loaded Objects now: 2552.
Total: 2.841000 ms (FindLiveObjects: 0.167300 ms CreateObjectMapping: 0.046100 ms MarkObjects: 2.610000 ms  DeleteObjects: 0.017000 ms)

AssetImportParameters requested are different than current active one (requested -> active):
  custom:framework-win-MediaFoundation: 216162199b28c13a410421893ffa2e32 -> 
  custom:video-decoder-ogg-theora: a1e56fd34408186e4bbccfd4996cb3dc -> 
  custom:container-muxer-webm: aa71ff27fc2769a1b78a27578f13a17b -> 
  custom:container-demuxer-webm: 4f35f7cbe854078d1ac9338744f61a02 -> 
  custom:container-demuxer-ogg: 62fdf1f143b41e24485cea50d1cbac27 -> 
  custom:video-encoder-webm-vp8: eb34c28f22e8b96e1ab97ce403110664 -> 
  custom:video-decoder-webm-vp8: 9c59270c3fd7afecdb556c50c9e8de78 -> 
  custom:audio-decoder-ogg-vorbis: bf7c407c2cedff20999df2af8eb42d56 -> 
  custom:audio-encoder-webm-vorbis: bf7c407c2cedff20999df2af8eb42d56 -> 
